Archive member included to satisfy reference by file (symbol)

c:/program files (x86)/atmel/studio/7.0/toolchain/avr8/avr8-gnu-toolchain/bin/../lib/gcc/avr/5.4.0/avr51\libgcc.a(_exit.o)
                              C:/Program Files (x86)/Atmel/Studio/7.0/Packs/atmel/ATmega_DFP/1.7.374/gcc/dev/atmega128/avr51/crtatmega128.o (exit)
c:/program files (x86)/atmel/studio/7.0/toolchain/avr8/avr8-gnu-toolchain/bin/../lib/gcc/avr/5.4.0/avr51\libgcc.a(_copy_data.o)
                              main.o (__do_copy_data)
c:/program files (x86)/atmel/studio/7.0/toolchain/avr8/avr8-gnu-toolchain/bin/../lib/gcc/avr/5.4.0/avr51\libgcc.a(_clear_bss.o)
                              button.o (__do_clear_bss)
c:/program files (x86)/atmel/studio/7.0/toolchain/avr8/avr8-gnu-toolchain/bin/../lib/gcc/avr/5.4.0/../../../../avr/lib/avr51\libc.a(atoi.o)
                              main.o (atoi)
c:/program files (x86)/atmel/studio/7.0/toolchain/avr8/avr8-gnu-toolchain/bin/../lib/gcc/avr/5.4.0/../../../../avr/lib/avr51\libc.a(itoa_ncheck.o)
                              main.o (__itoa_ncheck)
c:/program files (x86)/atmel/studio/7.0/toolchain/avr8/avr8-gnu-toolchain/bin/../lib/gcc/avr/5.4.0/../../../../avr/lib/avr51\libc.a(mul10.o)
                              c:/program files (x86)/atmel/studio/7.0/toolchain/avr8/avr8-gnu-toolchain/bin/../lib/gcc/avr/5.4.0/../../../../avr/lib/avr51\libc.a(atoi.o) (__mulhi_const_10)
c:/program files (x86)/atmel/studio/7.0/toolchain/avr8/avr8-gnu-toolchain/bin/../lib/gcc/avr/5.4.0/../../../../avr/lib/avr51\libc.a(utoa_ncheck.o)
                              c:/program files (x86)/atmel/studio/7.0/toolchain/avr8/avr8-gnu-toolchain/bin/../lib/gcc/avr/5.4.0/../../../../avr/lib/avr51\libc.a(itoa_ncheck.o) (__utoa_common)
c:/program files (x86)/atmel/studio/7.0/toolchain/avr8/avr8-gnu-toolchain/bin/../lib/gcc/avr/5.4.0/../../../../avr/lib/avr51\libc.a(strrev.o)
                              c:/program files (x86)/atmel/studio/7.0/toolchain/avr8/avr8-gnu-toolchain/bin/../lib/gcc/avr/5.4.0/../../../../avr/lib/avr51\libc.a(utoa_ncheck.o) (strrev)

Allocating common symbols
Common symbol       size              file

mode2_num_stop      0x2               main.o
mode2_num_start     0x2               main.o
old_but             0x1               button.o

Discarded input sections

 .data          0x00000000        0x0 C:/Program Files (x86)/Atmel/Studio/7.0/Packs/atmel/ATmega_DFP/1.7.374/gcc/dev/atmega128/avr51/crtatmega128.o
 .bss           0x00000000        0x0 C:/Program Files (x86)/Atmel/Studio/7.0/Packs/atmel/ATmega_DFP/1.7.374/gcc/dev/atmega128/avr51/crtatmega128.o
 .text          0x00000000        0x0 button.o
 .data          0x00000000        0x0 button.o
 .bss           0x00000000        0x0 button.o
 .text          0x00000000        0x0 lcd.o
 .data          0x00000000        0x0 lcd.o
 .bss           0x00000000        0x0 lcd.o
 .text.lcd_cur_blink
                0x00000000        0x8 lcd.o
 .text.lcd_cur_unblink
                0x00000000        0x8 lcd.o
 .text          0x00000000        0x0 led.o
 .data          0x00000000        0x0 led.o
 .bss           0x00000000        0x0 led.o
 .text.RGBled_init
                0x00000000        0xe led.o
 .text.RGBled_out
                0x00000000       0x24 led.o
 .text          0x00000000        0x0 main.o
 .data          0x00000000        0x0 main.o
 .bss           0x00000000        0x0 main.o
 .text.mode2_start_num_count
                0x00000000        0xe main.o
 .rodata.led_states_len
                0x00000000        0x2 main.o
 .text          0x00000000        0x0 matrix.o
 .data          0x00000000        0x0 matrix.o
 .bss           0x00000000        0x0 matrix.o
 .data.matrix_old_key
                0x00000000        0x1 matrix.o
 .text          0x00000000        0x0 timer.o
 .data          0x00000000        0x0 timer.o
 .bss           0x00000000        0x0 timer.o
 .text.timer0_nomalmode_init
                0x00000000       0x6c timer.o
 .text          0x00000000        0x0 USART.o
 .data          0x00000000        0x0 USART.o
 .bss           0x00000000        0x0 USART.o
 .text.USART0_Init
                0x00000000       0x12 USART.o
 .text.USART1_Init
                0x00000000       0x16 USART.o
 .text.USART0_Transmit
                0x00000000        0xe USART.o
 .text.USART1_Transmit
                0x00000000       0x18 USART.o
 .text.USART0_Receive
                0x00000000        0x8 USART.o
 .text.USART1_Receive
                0x00000000        0xe USART.o
 .text.USART0_textsend
                0x00000000       0x1a USART.o
 .debug_info    0x00000000      0x18e USART.o
 .debug_abbrev  0x00000000       0xc8 USART.o
 .debug_loc     0x00000000       0xa3 USART.o
 .debug_aranges
                0x00000000       0x50 USART.o
 .debug_ranges  0x00000000       0x40 USART.o
 .debug_line    0x00000000      0x1a1 USART.o
 .debug_str     0x00000000      0x1fe USART.o
 .comment       0x00000000       0x31 USART.o
 .debug_frame   0x00000000       0x90 USART.o
 .text          0x00000000        0x0 c:/program files (x86)/atmel/studio/7.0/toolchain/avr8/avr8-gnu-toolchain/bin/../lib/gcc/avr/5.4.0/avr51\libgcc.a(_exit.o)
 .data          0x00000000        0x0 c:/program files (x86)/atmel/studio/7.0/toolchain/avr8/avr8-gnu-toolchain/bin/../lib/gcc/avr/5.4.0/avr51\libgcc.a(_exit.o)
 .bss           0x00000000        0x0 c:/program files (x86)/atmel/studio/7.0/toolchain/avr8/avr8-gnu-toolchain/bin/../lib/gcc/avr/5.4.0/avr51\libgcc.a(_exit.o)
 .text.libgcc.mul
                0x00000000        0x0 c:/program files (x86)/atmel/studio/7.0/toolchain/avr8/avr8-gnu-toolchain/bin/../lib/gcc/avr/5.4.0/avr51\libgcc.a(_exit.o)
 .text.libgcc.div
                0x00000000        0x0 c:/program files (x86)/atmel/studio/7.0/toolchain/avr8/avr8-gnu-toolchain/bin/../lib/gcc/avr/5.4.0/avr51\libgcc.a(_exit.o)
 .text.libgcc   0x00000000        0x0 c:/program files (x86)/atmel/studio/7.0/toolchain/avr8/avr8-gnu-toolchain/bin/../lib/gcc/avr/5.4.0/avr51\libgcc.a(_exit.o)
 .text.libgcc.prologue
                0x00000000        0x0 c:/program files (x86)/atmel/studio/7.0/toolchain/avr8/avr8-gnu-toolchain/bin/../lib/gcc/avr/5.4.0/avr51\libgcc.a(_exit.o)
 .text.libgcc.builtins
                0x00000000        0x0 c:/program files (x86)/atmel/studio/7.0/toolchain/avr8/avr8-gnu-toolchain/bin/../lib/gcc/avr/5.4.0/avr51\libgcc.a(_exit.o)
 .text.libgcc.fmul
                0x00000000        0x0 c:/program files (x86)/atmel/studio/7.0/toolchain/avr8/avr8-gnu-toolchain/bin/../lib/gcc/avr/5.4.0/avr51\libgcc.a(_exit.o)
 .text.libgcc.fixed
                0x00000000        0x0 c:/program files (x86)/atmel/studio/7.0/toolchain/avr8/avr8-gnu-toolchain/bin/../lib/gcc/avr/5.4.0/avr51\libgcc.a(_exit.o)
 .text          0x00000000        0x0 c:/program files (x86)/atmel/studio/7.0/toolchain/avr8/avr8-gnu-toolchain/bin/../lib/gcc/avr/5.4.0/avr51\libgcc.a(_copy_data.o)
 .data          0x00000000        0x0 c:/program files (x86)/atmel/studio/7.0/toolchain/avr8/avr8-gnu-toolchain/bin/../lib/gcc/avr/5.4.0/avr51\libgcc.a(_copy_data.o)
 .bss           0x00000000        0x0 c:/program files (x86)/atmel/studio/7.0/toolchain/avr8/avr8-gnu-toolchain/bin/../lib/gcc/avr/5.4.0/avr51\libgcc.a(_copy_data.o)
 .text.libgcc.mul
                0x00000000        0x0 c:/program files (x86)/atmel/studio/7.0/toolchain/avr8/avr8-gnu-toolchain/bin/../lib/gcc/avr/5.4.0/avr51\libgcc.a(_copy_data.o)
 .text.libgcc.div
                0x00000000        0x0 c:/program files (x86)/atmel/studio/7.0/toolchain/avr8/avr8-gnu-toolchain/bin/../lib/gcc/avr/5.4.0/avr51\libgcc.a(_copy_data.o)
 .text.libgcc   0x00000000        0x0 c:/program files (x86)/atmel/studio/7.0/toolchain/avr8/avr8-gnu-toolchain/bin/../lib/gcc/avr/5.4.0/avr51\libgcc.a(_copy_data.o)
 .text.libgcc.prologue
                0x00000000        0x0 c:/program files (x86)/atmel/studio/7.0/toolchain/avr8/avr8-gnu-toolchain/bin/../lib/gcc/avr/5.4.0/avr51\libgcc.a(_copy_data.o)
 .text.libgcc.builtins
                0x00000000        0x0 c:/program files (x86)/atmel/studio/7.0/toolchain/avr8/avr8-gnu-toolchain/bin/../lib/gcc/avr/5.4.0/avr51\libgcc.a(_copy_data.o)
 .text.libgcc.fmul
                0x00000000        0x0 c:/program files (x86)/atmel/studio/7.0/toolchain/avr8/avr8-gnu-toolchain/bin/../lib/gcc/avr/5.4.0/avr51\libgcc.a(_copy_data.o)
 .text.libgcc.fixed
                0x00000000        0x0 c:/program files (x86)/atmel/studio/7.0/toolchain/avr8/avr8-gnu-toolchain/bin/../lib/gcc/avr/5.4.0/avr51\libgcc.a(_copy_data.o)
 .text          0x00000000        0x0 c:/program files (x86)/atmel/studio/7.0/toolchain/avr8/avr8-gnu-toolchain/bin/../lib/gcc/avr/5.4.0/avr51\libgcc.a(_clear_bss.o)
 .data          0x00000000        0x0 c:/program files (x86)/atmel/studio/7.0/toolchain/avr8/avr8-gnu-toolchain/bin/../lib/gcc/avr/5.4.0/avr51\libgcc.a(_clear_bss.o)
 .bss           0x00000000        0x0 c:/program files (x86)/atmel/studio/7.0/toolchain/avr8/avr8-gnu-toolchain/bin/../lib/gcc/avr/5.4.0/avr51\libgcc.a(_clear_bss.o)
 .text.libgcc.mul
                0x00000000        0x0 c:/program files (x86)/atmel/studio/7.0/toolchain/avr8/avr8-gnu-toolchain/bin/../lib/gcc/avr/5.4.0/avr51\libgcc.a(_clear_bss.o)
 .text.libgcc.div
                0x00000000        0x0 c:/program files (x86)/atmel/studio/7.0/toolchain/avr8/avr8-gnu-toolchain/bin/../lib/gcc/avr/5.4.0/avr51\libgcc.a(_clear_bss.o)
 .text.libgcc   0x00000000        0x0 c:/program files (x86)/atmel/studio/7.0/toolchain/avr8/avr8-gnu-toolchain/bin/../lib/gcc/avr/5.4.0/avr51\libgcc.a(_clear_bss.o)
 .text.libgcc.prologue
                0x00000000        0x0 c:/program files (x86)/atmel/studio/7.0/toolchain/avr8/avr8-gnu-toolchain/bin/../lib/gcc/avr/5.4.0/avr51\libgcc.a(_clear_bss.o)
 .text.libgcc.builtins
                0x00000000        0x0 c:/program files (x86)/atmel/studio/7.0/toolchain/avr8/avr8-gnu-toolchain/bin/../lib/gcc/avr/5.4.0/avr51\libgcc.a(_clear_bss.o)
 .text.libgcc.fmul
                0x00000000        0x0 c:/program files (x86)/atmel/studio/7.0/toolchain/avr8/avr8-gnu-toolchain/bin/../lib/gcc/avr/5.4.0/avr51\libgcc.a(_clear_bss.o)
 .text.libgcc.fixed
                0x00000000        0x0 c:/program files (x86)/atmel/studio/7.0/toolchain/avr8/avr8-gnu-toolchain/bin/../lib/gcc/avr/5.4.0/avr51\libgcc.a(_clear_bss.o)
 .text          0x00000000        0x0 c:/program files (x86)/atmel/studio/7.0/toolchain/avr8/avr8-gnu-toolchain/bin/../lib/gcc/avr/5.4.0/../../../../avr/lib/avr51\libc.a(atoi.o)
 .data          0x00000000        0x0 c:/program files (x86)/atmel/studio/7.0/toolchain/avr8/avr8-gnu-toolchain/bin/../lib/gcc/avr/5.4.0/../../../../avr/lib/avr51\libc.a(atoi.o)
 .bss           0x00000000        0x0 c:/program files (x86)/atmel/studio/7.0/toolchain/avr8/avr8-gnu-toolchain/bin/../lib/gcc/avr/5.4.0/../../../../avr/lib/avr51\libc.a(atoi.o)
 .text          0x00000000        0x0 c:/program files (x86)/atmel/studio/7.0/toolchain/avr8/avr8-gnu-toolchain/bin/../lib/gcc/avr/5.4.0/../../../../avr/lib/avr51\libc.a(itoa_ncheck.o)
 .data          0x00000000        0x0 c:/program files (x86)/atmel/studio/7.0/toolchain/avr8/avr8-gnu-toolchain/bin/../lib/gcc/avr/5.4.0/../../../../avr/lib/avr51\libc.a(itoa_ncheck.o)
 .bss           0x00000000        0x0 c:/program files (x86)/atmel/studio/7.0/toolchain/avr8/avr8-gnu-toolchain/bin/../lib/gcc/avr/5.4.0/../../../../avr/lib/avr51\libc.a(itoa_ncheck.o)
 .text          0x00000000        0x0 c:/program files (x86)/atmel/studio/7.0/toolchain/avr8/avr8-gnu-toolchain/bin/../lib/gcc/avr/5.4.0/../../../../avr/lib/avr51\libc.a(mul10.o)
 .data          0x00000000        0x0 c:/program files (x86)/atmel/studio/7.0/toolchain/avr8/avr8-gnu-toolchain/bin/../lib/gcc/avr/5.4.0/../../../../avr/lib/avr51\libc.a(mul10.o)
 .bss           0x00000000        0x0 c:/program files (x86)/atmel/studio/7.0/toolchain/avr8/avr8-gnu-toolchain/bin/../lib/gcc/avr/5.4.0/../../../../avr/lib/avr51\libc.a(mul10.o)
 .text          0x00000000        0x0 c:/program files (x86)/atmel/studio/7.0/toolchain/avr8/avr8-gnu-toolchain/bin/../lib/gcc/avr/5.4.0/../../../../avr/lib/avr51\libc.a(utoa_ncheck.o)
 .data          0x00000000        0x0 c:/program files (x86)/atmel/studio/7.0/toolchain/avr8/avr8-gnu-toolchain/bin/../lib/gcc/avr/5.4.0/../../../../avr/lib/avr51\libc.a(utoa_ncheck.o)
 .bss           0x00000000        0x0 c:/program files (x86)/atmel/studio/7.0/toolchain/avr8/avr8-gnu-toolchain/bin/../lib/gcc/avr/5.4.0/../../../../avr/lib/avr51\libc.a(utoa_ncheck.o)
 .text          0x00000000        0x0 c:/program files (x86)/atmel/studio/7.0/toolchain/avr8/avr8-gnu-toolchain/bin/../lib/gcc/avr/5.4.0/../../../../avr/lib/avr51\libc.a(strrev.o)
 .data          0x00000000        0x0 c:/program files (x86)/atmel/studio/7.0/toolchain/avr8/avr8-gnu-toolchain/bin/../lib/gcc/avr/5.4.0/../../../../avr/lib/avr51\libc.a(strrev.o)
 .bss           0x00000000        0x0 c:/program files (x86)/atmel/studio/7.0/toolchain/avr8/avr8-gnu-toolchain/bin/../lib/gcc/avr/5.4.0/../../../../avr/lib/avr51\libc.a(strrev.o)

Memory Configuration

Name             Origin             Length             Attributes
text             0x00000000         0x00020000         xr
data             0x00800100         0x00001000         rw !x
eeprom           0x00810000         0x00001000         rw !x
fuse             0x00820000         0x00000003         rw !x
lock             0x00830000         0x00000400         rw !x
signature        0x00840000         0x00000400         rw !x
user_signatures  0x00850000         0x00000400         rw !x
*default*        0x00000000         0xffffffff

Linker script and memory map

Address of section .data set to 0x800100
LOAD C:/Program Files (x86)/Atmel/Studio/7.0/Packs/atmel/ATmega_DFP/1.7.374/gcc/dev/atmega128/avr51/crtatmega128.o
LOAD button.o
LOAD lcd.o
LOAD led.o
LOAD main.o
LOAD matrix.o
LOAD timer.o
LOAD USART.o
START GROUP
LOAD c:/program files (x86)/atmel/studio/7.0/toolchain/avr8/avr8-gnu-toolchain/bin/../lib/gcc/avr/5.4.0/../../../../avr/lib/avr51\libm.a
END GROUP
START GROUP
LOAD c:/program files (x86)/atmel/studio/7.0/toolchain/avr8/avr8-gnu-toolchain/bin/../lib/gcc/avr/5.4.0/avr51\libgcc.a
LOAD c:/program files (x86)/atmel/studio/7.0/toolchain/avr8/avr8-gnu-toolchain/bin/../lib/gcc/avr/5.4.0/../../../../avr/lib/avr51\libm.a
LOAD c:/program files (x86)/atmel/studio/7.0/toolchain/avr8/avr8-gnu-toolchain/bin/../lib/gcc/avr/5.4.0/../../../../avr/lib/avr51\libc.a
LOAD C:/Program Files (x86)/Atmel/Studio/7.0/Packs/atmel/ATmega_DFP/1.7.374/gcc/dev/atmega128/avr51\libatmega128.a
END GROUP
                0x00000000                __TEXT_REGION_ORIGIN__ = DEFINED (__TEXT_REGION_ORIGIN__)?__TEXT_REGION_ORIGIN__:0x0
                [0x00800100]                __DATA_REGION_ORIGIN__ = DEFINED (__DATA_REGION_ORIGIN__)?__DATA_REGION_ORIGIN__:0x800100
                [0x00020000]                __TEXT_REGION_LENGTH__ = DEFINED (__TEXT_REGION_LENGTH__)?__TEXT_REGION_LENGTH__:0x20000
                [0x00001000]                __DATA_REGION_LENGTH__ = DEFINED (__DATA_REGION_LENGTH__)?__DATA_REGION_LENGTH__:0xff00
                [0x00001000]                __EEPROM_REGION_LENGTH__ = DEFINED (__EEPROM_REGION_LENGTH__)?__EEPROM_REGION_LENGTH__:0x10000
                [0x00000003]                __FUSE_REGION_LENGTH__ = DEFINED (__FUSE_REGION_LENGTH__)?__FUSE_REGION_LENGTH__:0x400
                0x00000400                __LOCK_REGION_LENGTH__ = DEFINED (__LOCK_REGION_LENGTH__)?__LOCK_REGION_LENGTH__:0x400
                0x00000400                __SIGNATURE_REGION_LENGTH__ = DEFINED (__SIGNATURE_REGION_LENGTH__)?__SIGNATURE_REGION_LENGTH__:0x400
                0x00000400                __USER_SIGNATURE_REGION_LENGTH__ = DEFINED (__USER_SIGNATURE_REGION_LENGTH__)?__USER_SIGNATURE_REGION_LENGTH__:0x400

.hash
 *(.hash)

.dynsym
 *(.dynsym)

.dynstr
 *(.dynstr)

.gnu.version
 *(.gnu.version)

.gnu.version_d
 *(.gnu.version_d)

.gnu.version_r
 *(.gnu.version_r)

.rel.init
 *(.rel.init)

.rela.init
 *(.rela.init)

.rel.text
 *(.rel.text)
 *(.rel.text.*)
 *(.rel.gnu.linkonce.t*)

.rela.text
 *(.rela.text)
 *(.rela.text.*)
 *(.rela.gnu.linkonce.t*)

.rel.fini
 *(.rel.fini)

.rela.fini
 *(.rela.fini)

.rel.rodata
 *(.rel.rodata)
 *(.rel.rodata.*)
 *(.rel.gnu.linkonce.r*)

.rela.rodata
 *(.rela.rodata)
 *(.rela.rodata.*)
 *(.rela.gnu.linkonce.r*)

.rel.data
 *(.rel.data)
 *(.rel.data.*)
 *(.rel.gnu.linkonce.d*)

.rela.data
 *(.rela.data)
 *(.rela.data.*)
 *(.rela.gnu.linkonce.d*)

.rel.ctors
 *(.rel.ctors)

.rela.ctors
 *(.rela.ctors)

.rel.dtors
 *(.rel.dtors)

.rela.dtors
 *(.rela.dtors)

.rel.got
 *(.rel.got)

.rela.got
 *(.rela.got)

.rel.bss
 *(.rel.bss)

.rela.bss
 *(.rela.bss)

.rel.plt
 *(.rel.plt)

.rela.plt
 *(.rela.plt)

.text           0x00000000      0x958
 *(.vectors)
 .vectors       0x00000000       0x8c C:/Program Files (x86)/Atmel/Studio/7.0/Packs/atmel/ATmega_DFP/1.7.374/gcc/dev/atmega128/avr51/crtatmega128.o
                0x00000000                __vector_default
                0x00000000                __vectors
 *(.vectors)
 *(.progmem.gcc*)
                0x0000008c                . = ALIGN (0x2)
                0x0000008c                __trampolines_start = .
 *(.trampolines)
 .trampolines   0x0000008c        0x0 linker stubs
 *(.trampolines*)
                0x0000008c                __trampolines_end = .
 *libprintf_flt.a:*(.progmem.data)
 *libc.a:*(.progmem.data)
 *(.progmem*)
                0x0000008c                . = ALIGN (0x2)
 *(.jumptables)
 *(.jumptables*)
 *(.lowtext)
 *(.lowtext*)
                0x0000008c                __ctors_start = .
 *(.ctors)
                0x0000008c                __ctors_end = .
                0x0000008c                __dtors_start = .
 *(.dtors)
                0x0000008c                __dtors_end = .
 SORT(*)(.ctors)
 SORT(*)(.dtors)
 *(.init0)
 .init0         0x0000008c        0x0 C:/Program Files (x86)/Atmel/Studio/7.0/Packs/atmel/ATmega_DFP/1.7.374/gcc/dev/atmega128/avr51/crtatmega128.o
                0x0000008c                __init
 *(.init0)
 *(.init1)
 *(.init1)
 *(.init2)
 .init2         0x0000008c        0xc C:/Program Files (x86)/Atmel/Studio/7.0/Packs/atmel/ATmega_DFP/1.7.374/gcc/dev/atmega128/avr51/crtatmega128.o
 *(.init2)
 *(.init3)
 *(.init3)
 *(.init4)
 .init4         0x00000098       0x1a c:/program files (x86)/atmel/studio/7.0/toolchain/avr8/avr8-gnu-toolchain/bin/../lib/gcc/avr/5.4.0/avr51\libgcc.a(_copy_data.o)
                0x00000098                __do_copy_data
 .init4         0x000000b2       0x10 c:/program files (x86)/atmel/studio/7.0/toolchain/avr8/avr8-gnu-toolchain/bin/../lib/gcc/avr/5.4.0/avr51\libgcc.a(_clear_bss.o)
                0x000000b2                __do_clear_bss
 *(.init4)
 *(.init5)
 *(.init5)
 *(.init6)
 *(.init6)
 *(.init7)
 *(.init7)
 *(.init8)
 *(.init8)
 *(.init9)
 .init9         0x000000c2        0x4 C:/Program Files (x86)/Atmel/Studio/7.0/Packs/atmel/ATmega_DFP/1.7.374/gcc/dev/atmega128/avr51/crtatmega128.o
 *(.init9)
 *(.text)
 .text          0x000000c6        0x2 C:/Program Files (x86)/Atmel/Studio/7.0/Packs/atmel/ATmega_DFP/1.7.374/gcc/dev/atmega128/avr51/crtatmega128.o
                0x000000c6                __vector_22
                0x000000c6                __vector_28
                0x000000c6                __vector_1
                0x000000c6                __vector_32
                0x000000c6                __vector_34
                0x000000c6                __vector_24
                0x000000c6                __bad_interrupt
                0x000000c6                __vector_6
                0x000000c6                __vector_31
                0x000000c6                __vector_3
                0x000000c6                __vector_23
                0x000000c6                __vector_30
                0x000000c6                __vector_25
                0x000000c6                __vector_11
                0x000000c6                __vector_13
                0x000000c6                __vector_17
                0x000000c6                __vector_19
                0x000000c6                __vector_7
                0x000000c6                __vector_27
                0x000000c6                __vector_5
                0x000000c6                __vector_33
                0x000000c6                __vector_4
                0x000000c6                __vector_9
                0x000000c6                __vector_2
                0x000000c6                __vector_21
                0x000000c6                __vector_29
                0x000000c6                __vector_8
                0x000000c6                __vector_14
                0x000000c6                __vector_10
                0x000000c6                __vector_16
                0x000000c6                __vector_18
                0x000000c6                __vector_20
                0x000000c8                . = ALIGN (0x2)
 *(.text.*)
 .text.button_init
                0x000000c8        0xc button.o
                0x000000c8                button_init
 .text.button_get
                0x000000d4       0x4c button.o
                0x000000d4                button_get
 .text.lcd_clk  0x00000120       0x3c lcd.o
                0x00000120                lcd_clk
 .text.lcd_send_cmd
                0x0000015c       0x34 lcd.o
                0x0000015c                lcd_send_cmd
 .text.lcd_init
                0x00000190       0x3e lcd.o
                0x00000190                lcd_init
 .text.lcd_data
                0x000001ce       0x34 lcd.o
                0x000001ce                lcd_data
 .text.lcd_write_string
                0x00000202       0x18 lcd.o
                0x00000202                lcd_write_string
 .text.lcd_cur_posi
                0x0000021a       0x42 lcd.o
                0x0000021a                lcd_cur_posi
 .text.led_init
                0x0000025c        0x8 led.o
                0x0000025c                led_init
 .text.led_out  0x00000264        0xc led.o
                0x00000264                led_out
 .text.move_arrow
                0x00000270       0x28 main.o
                0x00000270                move_arrow
 .text.mode1_start
                0x00000298       0x18 main.o
                0x00000298                mode1_start
 .text.mode1_stop
                0x000002b0       0x1c main.o
                0x000002b0                mode1_stop
 .text.mode1_led_run
                0x000002cc       0x42 main.o
                0x000002cc                mode1_led_run
 .text.__vector_12
                0x0000030e       0x56 main.o
                0x0000030e                __vector_12
 .text.mode2_get_number
                0x00000364       0x6c main.o
                0x00000364                mode2_get_number
 .text.mode2_num_count
                0x000003d0       0xae main.o
                0x000003d0                mode2_num_count
 .text.__vector_15
                0x0000047e       0x4e main.o
                0x0000047e                __vector_15
 .text.mode2_start
                0x000004cc       0x76 main.o
                0x000004cc                mode2_start
 .text.mode2_stop
                0x00000542       0x18 main.o
                0x00000542                mode2_stop
 .text.lcd_time_vlt
                0x0000055a       0x26 main.o
                0x0000055a                lcd_time_vlt
 .text.lcd_dis_time
                0x00000580       0x6c main.o
                0x00000580                lcd_dis_time
 .text.mode4_clock_run
                0x000005ec        0xa main.o
                0x000005ec                mode4_clock_run
 .text.__vector_26
                0x000005f6       0x4e main.o
                0x000005f6                __vector_26
 .text.mode4_start
                0x00000644        0xc main.o
                0x00000644                mode4_start
 .text.mode4_stop
                0x00000650       0x18 main.o
                0x00000650                mode4_stop
 .text.start_handle
                0x00000668       0x1c main.o
                0x00000668                start_handle
 .text.stop_handle
                0x00000684       0x1c main.o
                0x00000684                stop_handle
 .text.main     0x000006a0       0x4a main.o
                0x000006a0                main
 .text.matrix_init
                0x000006ea        0x8 matrix.o
                0x000006ea                matrix_init
 .text.matrix_get
                0x000006f2       0x58 matrix.o
                0x000006f2                matrix_get
 .text.timer0_CTCmode_init
                0x0000074a       0x70 timer.o
                0x0000074a                timer0_CTCmode_init
 .text.timer1_CTCmode_init
                0x000007ba       0x70 timer.o
                0x000007ba                timer1_CTCmode_init
 .text.timer3_CTCmode_init
                0x0000082a       0x7a timer.o
                0x0000082a                timer3_CTCmode_init
 .text.avr-libc
                0x000008a4       0x3a c:/program files (x86)/atmel/studio/7.0/toolchain/avr8/avr8-gnu-toolchain/bin/../lib/gcc/avr/5.4.0/../../../../avr/lib/avr51\libc.a(atoi.o)
                0x000008a4                atoi
 .text.avr-libc
                0x000008de       0x14 c:/program files (x86)/atmel/studio/7.0/toolchain/avr8/avr8-gnu-toolchain/bin/../lib/gcc/avr/5.4.0/../../../../avr/lib/avr51\libc.a(itoa_ncheck.o)
                0x000008de                __itoa_ncheck
 .text.avr-libc
                0x000008f2       0x10 c:/program files (x86)/atmel/studio/7.0/toolchain/avr8/avr8-gnu-toolchain/bin/../lib/gcc/avr/5.4.0/../../../../avr/lib/avr51\libc.a(mul10.o)
                0x000008f2                __mulhi_const_10
 .text.avr-libc
                0x00000902       0x32 c:/program files (x86)/atmel/studio/7.0/toolchain/avr8/avr8-gnu-toolchain/bin/../lib/gcc/avr/5.4.0/../../../../avr/lib/avr51\libc.a(utoa_ncheck.o)
                0x00000902                __utoa_ncheck
                0x00000904                __utoa_common
 .text.avr-libc
                0x00000934       0x20 c:/program files (x86)/atmel/studio/7.0/toolchain/avr8/avr8-gnu-toolchain/bin/../lib/gcc/avr/5.4.0/../../../../avr/lib/avr51\libc.a(strrev.o)
                0x00000934                strrev
                0x00000954                . = ALIGN (0x2)
 *(.fini9)
 .fini9         0x00000954        0x0 c:/program files (x86)/atmel/studio/7.0/toolchain/avr8/avr8-gnu-toolchain/bin/../lib/gcc/avr/5.4.0/avr51\libgcc.a(_exit.o)
                0x00000954                _exit
                0x00000954                exit
 *(.fini9)
 *(.fini8)
 *(.fini8)
 *(.fini7)
 *(.fini7)
 *(.fini6)
 *(.fini6)
 *(.fini5)
 *(.fini5)
 *(.fini4)
 *(.fini4)
 *(.fini3)
 *(.fini3)
 *(.fini2)
 *(.fini2)
 *(.fini1)
 *(.fini1)
 *(.fini0)
 .fini0         0x00000954        0x4 c:/program files (x86)/atmel/studio/7.0/toolchain/avr8/avr8-gnu-toolchain/bin/../lib/gcc/avr/5.4.0/avr51\libgcc.a(_exit.o)
 *(.fini0)
                0x00000958                _etext = .

.data           0x00800100       0xba load address 0x00000958
                0x00800100                PROVIDE (__data_start, .)
 *(.data)
 *(.data*)
 .data.led_states
                0x00800100        0xf main.o
                0x00800100                led_states
 .data.matrix_map
                0x0080010f        0xd matrix.o
                0x0080010f                matrix_map
 .data.pres_timer1_2_3
                0x0080011c       0x28 timer.o
                0x0080011c                pres_timer1_2_3
 .data.pres_timer0
                0x00800144       0x28 timer.o
                0x00800144                pres_timer0
 *(.gnu.linkonce.d*)
 *(.rodata)
 *(.rodata*)
 .rodata.str1.1
                0x0080016c       0x4e main.o
                                 0x5c (size before relaxing)
 *(.gnu.linkonce.r*)
                0x008001ba                . = ALIGN (0x2)
                0x008001ba                _edata = .
                0x008001ba                PROVIDE (__data_end, .)

.bss            0x008001ba       0x17
                0x008001ba                PROVIDE (__bss_start, .)
 *(.bss)
 *(.bss*)
 .bss.timer_counter.2144
                0x008001ba        0x2 main.o
 .bss.counter.2145
                0x008001bc        0x2 main.o
 .bss.tmp.2140  0x008001be        0x5 main.o
 .bss.counter.2139
                0x008001c3        0x2 main.o
 .bss.counter.2135
                0x008001c5        0x2 main.o
 .bss.mode_2_is_first_run
                0x008001c7        0x1 main.o
                0x008001c7                mode_2_is_first_run
 .bss.arrow_pos_current
                0x008001c8        0x1 main.o
                0x008001c8                arrow_pos_current
 .bss.ora       0x008001c9        0x2 main.o
                0x008001c9                ora
 .bss.matrix_old_key.1742
                0x008001cb        0x1 matrix.o
 *(COMMON)
 COMMON         0x008001cc        0x1 button.o
                0x008001cc                old_but
 COMMON         0x008001cd        0x4 main.o
                0x008001cd                mode2_num_stop
                0x008001cf                mode2_num_start
                0x008001d1                PROVIDE (__bss_end, .)
                0x00000958                __data_load_start = LOADADDR (.data)
                0x00000a12                __data_load_end = (__data_load_start + SIZEOF (.data))

.noinit         0x008001d1        0x0
                [!provide]                PROVIDE (__noinit_start, .)
 *(.noinit*)
                [!provide]                PROVIDE (__noinit_end, .)
                0x008001d1                _end = .
                [!provide]                PROVIDE (__heap_start, .)

.eeprom         0x00810000        0x0
 *(.eeprom*)
                0x00810000                __eeprom_end = .

.fuse
 *(.fuse)
 *(.lfuse)
 *(.hfuse)
 *(.efuse)

.lock
 *(.lock*)

.signature
 *(.signature*)

.user_signatures
 *(.user_signatures*)

.stab
 *(.stab)

.stabstr
 *(.stabstr)

.stab.excl
 *(.stab.excl)

.stab.exclstr
 *(.stab.exclstr)

.stab.index
 *(.stab.index)

.stab.indexstr
 *(.stab.indexstr)

.comment        0x00000000       0x30
 *(.comment)
 .comment       0x00000000       0x30 button.o
                                 0x31 (size before relaxing)
 .comment       0x00000030       0x31 lcd.o
 .comment       0x00000030       0x31 led.o
 .comment       0x00000030       0x31 main.o
 .comment       0x00000030       0x31 matrix.o
 .comment       0x00000030       0x31 timer.o

.note.gnu.avr.deviceinfo
                0x00000000       0x3c
 .note.gnu.avr.deviceinfo
                0x00000000       0x3c C:/Program Files (x86)/Atmel/Studio/7.0/Packs/atmel/ATmega_DFP/1.7.374/gcc/dev/atmega128/avr51/crtatmega128.o

.note.gnu.build-id
 *(.note.gnu.build-id)

.debug
 *(.debug)

.line
 *(.line)

.debug_srcinfo
 *(.debug_srcinfo)

.debug_sfnames
 *(.debug_sfnames)

.debug_aranges  0x00000000      0x1d0
 *(.debug_aranges)
 .debug_aranges
                0x00000000       0x28 button.o
 .debug_aranges
                0x00000028       0x58 lcd.o
 .debug_aranges
                0x00000080       0x38 led.o
 .debug_aranges
                0x000000b8       0xb8 main.o
 .debug_aranges
                0x00000170       0x28 matrix.o
 .debug_aranges
                0x00000198       0x38 timer.o

.debug_pubnames
 *(.debug_pubnames)

.debug_info     0x00000000     0x1d52
 *(.debug_info .gnu.linkonce.wi.*)
 .debug_info    0x00000000      0x780 C:/Program Files (x86)/Atmel/Studio/7.0/Packs/atmel/ATmega_DFP/1.7.374/gcc/dev/atmega128/avr51/crtatmega128.o
 .debug_info    0x00000780       0xd2 button.o
 .debug_info    0x00000852      0x397 lcd.o
 .debug_info    0x00000be9       0xf2 led.o
 .debug_info    0x00000cdb      0xca8 main.o
 .debug_info    0x00001983      0x1a8 matrix.o
 .debug_info    0x00001b2b      0x227 timer.o

.debug_abbrev   0x00000000      0xeb0
 *(.debug_abbrev)
 .debug_abbrev  0x00000000      0x718 C:/Program Files (x86)/Atmel/Studio/7.0/Packs/atmel/ATmega_DFP/1.7.374/gcc/dev/atmega128/avr51/crtatmega128.o
 .debug_abbrev  0x00000718       0x8d button.o
 .debug_abbrev  0x000007a5      0x198 lcd.o
 .debug_abbrev  0x0000093d       0x89 led.o
 .debug_abbrev  0x000009c6      0x2ff main.o
 .debug_abbrev  0x00000cc5      0x12a matrix.o
 .debug_abbrev  0x00000def       0xc1 timer.o

.debug_line     0x00000000      0xfa0
 *(.debug_line .debug_line.* .debug_line_end)
 .debug_line    0x00000000      0x16a C:/Program Files (x86)/Atmel/Studio/7.0/Packs/atmel/ATmega_DFP/1.7.374/gcc/dev/atmega128/avr51/crtatmega128.o
 .debug_line    0x0000016a      0x123 button.o
 .debug_line    0x0000028d      0x2a4 lcd.o
 .debug_line    0x00000531      0x121 led.o
 .debug_line    0x00000652      0x5a4 main.o
 .debug_line    0x00000bf6      0x1ab matrix.o
 .debug_line    0x00000da1      0x1ff timer.o

.debug_frame    0x00000000      0x454
 *(.debug_frame)
 .debug_frame   0x00000000       0x34 button.o
 .debug_frame   0x00000034       0xc8 lcd.o
 .debug_frame   0x000000fc       0x54 led.o
 .debug_frame   0x00000150      0x27c main.o
 .debug_frame   0x000003cc       0x34 matrix.o
 .debug_frame   0x00000400       0x54 timer.o

.debug_str      0x00000000      0x7eb
 *(.debug_str)
 .debug_str     0x00000000      0x27d C:/Program Files (x86)/Atmel/Studio/7.0/Packs/atmel/ATmega_DFP/1.7.374/gcc/dev/atmega128/avr51/crtatmega128.o
 .debug_str     0x0000027d      0x16c button.o
                                0x1a0 (size before relaxing)
 .debug_str     0x000003e9       0xdb lcd.o
                                0x258 (size before relaxing)
 .debug_str     0x000004c4       0x22 led.o
                                0x1ab (size before relaxing)
 .debug_str     0x000004e6      0x22a main.o
                                0x46d (size before relaxing)
 .debug_str     0x00000710       0x39 matrix.o
                                0x21c (size before relaxing)
 .debug_str     0x00000749       0xa2 timer.o
                                0x25a (size before relaxing)

.debug_loc      0x00000000      0xc31
 *(.debug_loc)
 .debug_loc     0x00000000       0xb0 button.o
 .debug_loc     0x000000b0      0x2a4 lcd.o
 .debug_loc     0x00000354       0x53 led.o
 .debug_loc     0x000003a7      0x660 main.o
 .debug_loc     0x00000a07      0x102 matrix.o
 .debug_loc     0x00000b09      0x128 timer.o

.debug_macinfo
 *(.debug_macinfo)

.debug_weaknames
 *(.debug_weaknames)

.debug_funcnames
 *(.debug_funcnames)

.debug_typenames
 *(.debug_typenames)

.debug_varnames
 *(.debug_varnames)

.debug_pubtypes
 *(.debug_pubtypes)

.debug_ranges   0x00000000      0x188
 *(.debug_ranges)
 .debug_ranges  0x00000000       0x18 button.o
 .debug_ranges  0x00000018       0x48 lcd.o
 .debug_ranges  0x00000060       0x28 led.o
 .debug_ranges  0x00000088       0xa8 main.o
 .debug_ranges  0x00000130       0x30 matrix.o
 .debug_ranges  0x00000160       0x28 timer.o

.debug_macro
 *(.debug_macro)
OUTPUT(ZH_2023_11_06.elf elf32-avr)
LOAD linker stubs
